// Jest Snapshot v1, https://goo.gl/fbAQLP

exports[`schema/genesis_block_schema.js genesis block schema must match to the snapshot. 1`] = `
Object {
  "$id": "#genesisBlock",
  "additionalProperties": false,
  "properties": Object {
    "blockSignature": Object {
      "format": "signature",
      "type": "string",
    },
    "generatorPublicKey": Object {
      "format": "publicKey",
      "type": "string",
    },
    "height": Object {
      "minimum": 1,
      "type": "integer",
    },
    "id": Object {
      "format": "id",
      "maxLength": 20,
      "minLength": 1,
      "type": "string",
    },
    "numberOfTransactions": Object {
      "minimum": 0,
      "type": "integer",
    },
    "payloadHash": Object {
      "format": "hex",
      "type": "string",
    },
    "payloadLength": Object {
      "minimum": 0,
      "type": "integer",
    },
    "previousBlock": Object {
      "format": "id",
      "maxLength": 20,
      "minLength": 1,
      "type": Array [
        "null",
        "string",
      ],
    },
    "reward": Object {
      "format": "amount",
      "type": "string",
    },
    "timestamp": Object {
      "minimum": 0,
      "type": "integer",
    },
    "totalAmount": Object {
      "format": "amount",
      "type": "string",
    },
    "totalFee": Object {
      "format": "amount",
      "type": "string",
    },
    "transactions": Object {
      "items": Object {
        "additionalProperties": false,
        "properties": Object {
          "amount": Object {
            "format": "amount",
            "type": "string",
          },
          "asset": Object {
            "description": "Send relevant data with transaction like delegate, vote, signature, ...",
            "type": "object",
          },
          "fee": Object {
            "format": "amount",
            "type": "string",
          },
          "id": Object {
            "format": "id",
            "maxLength": 20,
            "minLength": 1,
            "type": "string",
          },
          "recipientId": Object {
            "format": "address",
            "maxLength": 22,
            "minLength": 1,
            "type": Array [
              "string",
              "null",
            ],
          },
          "senderId": Object {
            "format": "address",
            "maxLength": 22,
            "minLength": 1,
            "type": "string",
          },
          "senderPublicKey": Object {
            "format": "publicKey",
            "type": "string",
          },
          "signature": Object {
            "format": "signature",
            "type": "string",
          },
          "timestamp": Object {
            "min": 0,
            "type": "integer",
          },
          "type": Object {
            "enum": Array [
              0,
              2,
              3,
            ],
            "type": "integer",
          },
        },
        "required": Array [
          "type",
          "timestamp",
          "senderPublicKey",
          "signature",
        ],
        "type": "object",
      },
      "type": "array",
      "uniqueItems": true,
    },
    "version": Object {
      "minimum": 0,
      "type": "integer",
    },
  },
  "required": Array [
    "version",
    "totalAmount",
    "totalFee",
    "reward",
    "payloadHash",
    "timestamp",
    "numberOfTransactions",
    "payloadLength",
    "generatorPublicKey",
    "transactions",
    "blockSignature",
  ],
  "type": "object",
}
`;
